// Jest Snapshot v1, https://goo.gl/fbAQLP

exports[`restyles css function 1`] = `<noscript />`;

exports[`restyles renders elements with styles 1`] = `
Array [
  <noscript />,
  <div
    className="& .profile {
              color: green;
            }

            & .activity {
              font-size: 12px;
              color: blue;
            } profile css-nil"
>
    <h1>
        I'm blue sometimes 
        <span>
            👾
        </span>
    </h1>
</div>,
  <div
    className="& .profile {
              color: green;
            }

            & .activity {
              font-size: 12px;
              color: blue;
            } activity css-nil"
>
    <div
        className="moment"
    >
        Buy Beer
    </div>
    <div
        className="moment"
    >
        Add Server
    </div>
    <div
        className="moment"
    >
        Log In
    </div>
</div>,
]
`;
